// Vitest Snapshot v1, https://vitest.dev/guide/snapshot.html

exports[`project test > snapshot 1`] = `
{
  "foo": "bar",
}
`;

exports[`suite name > snapshot 1`] = `
{
  "foo": "bar",
}
`;
